// Jest Snapshot v1, https://goo.gl/fbAQLP

exports[`renders homepage unchanged 1`] = `
<div>
  <main
    class="ml-[24rem]"
  >
    <h1>
      Header
    </h1>
  </main>
</div>
`;
